=~=~=~=~=~=~=~=~=~=~=~= PuTTY log 2024.11.19 06:56:19 =~=~=~=~=~=~=~=~=~=~=~=

router6#
*Jan  1 00:21:47.967: %SYS-5-CONFIG_I: Configured from console by tty5
router6#configure terminal
Enter configuration commands, one per line.  End with CNTL/Z.
router6(config)#ip route 172, .31.24.0 255.255.255.0 
*Jan  1 00:25:57.511: %SYS-5-CONFIG_I: Configured from console by tty5
router6(config)#ip route 172.31.24.0 255.255.255.0 192.168, .1.18
*Jan  1 00:30:40.047: %LINEPROTO-5-UPDOWN: Line protocol on Interface Vlan1, changed state to up
router6(config)#ip route 172.31.24.0 255.255.255.0 192.168.1.18
*Jan  1 00:30:42.043: %LINEPROTO-5-UPDOWN: Line protocol on Interface FastEthernet2, changed state to up
router6(config)#ip route 172.31.24.0 255.255.255.0 192.168.1.18                                               show ip route
                  ^
% Invalid input detected at '^' marker.

router6(config)#show iproute
                  ^
% Invalid input detected at '^' marker.

router6(config)#exit
router6#show 
*Jan  1 00:36:44.571: %SYS-5-CONFIG_I: Configured from console by console
router6#show show ip route
              ^
% Invalid input detected at '^' marker.

router6#show ip route
Codes: C - connected, S - static, R - RIP, M - mobile, B - BGP
       D - EIGRP, EX - EIGRP external, O - OSPF, IA - OSPF inter area 
       N1 - OSPF NSSA external type 1, N2 - OSPF NSSA external type 2
       E1 - OSPF external type 1, E2 - OSPF external type 2
       i - IS-IS, su - IS-IS summary, L1 - IS-IS level-1, L2 - IS-IS level-2
       ia - IS-IS inter area, * - candidate default, U - per-user static route
       o - ODR, P - periodic downloaded static route

Gateway of last resort is not set

     172.31.0.0/24 is subnetted, 4 subnets
C       172.31.21.0 is directly connected, FastEthernet1
C       172.31.20.0 is directly connected, FastEthernet0
S       172.31.25.0 [1/0] via 192.168.1.18
S       172.31.24.0 [1/0] via 192.168.1.18
C    192.168.1.0/24 is directly connected, Vlan1
router6#











=~=~=~=~=~=~=~=~=~=~=~= PuTTY log 2024.11.19 15:51:21 =~=~=~=~=~=~=~=~=~=~=~=

router6>enable
Password: 
Password: 
Password: 
router6#conf t
Enter configuration commands, one per line.  End with CNTL/Z.
router6(config)#inet  re  ter  face fa2
router6(config-if)#switchport access vlan 1
router6(config-if)#no shut  down[ 
router6(config-if)#exit
router6(config)#interface vlanq 1
router6(config-if)#ip adde ress 192.168.1.16 255.255.255.0 
router6(config-if)#noshut\      shutdown
router6(config-if)#exit
router6(config)#config terminal
                       ^
% Invalid input detected at '^' marker.

router6(config)#exit[ 
router6#confug terminao l
            ^
% Invalid input detected at '^' marker.

router6#confug terminalg terminal ig terminal
Enter configuration commands, one per line.  End with CNTL/Z.
router6(config)#ip rute   outer  172.31.24.0 255.255.255.0 192.168, .1.18
router6(config)#ip route 172.31.24.0 255.255.255.0 192.168.1.18.0 255.255.255.0 192.168.1.18 5.0 255.255.255.0 192.168.1.18.0 255.255.255.0 192.168.1.18
router6(config)#show ip route
                  ^
% Invalid input detected at '^' marker.

router6(config)#exit
router6#show ip rpute    oute
Codes: C - connected, S - static, R - RIP, M - mobile, B - BGP
       D - EIGRP, EX - EIGRP external, O - OSPF, IA - OSPF inter area 
       N1 - OSPF NSSA external type 1, N2 - OSPF NSSA external type 2
       E1 - OSPF external type 1, E2 - OSPF external type 2
       i - IS-IS, su - IS-IS summary, L1 - IS-IS level-1, L2 - IS-IS level-2
       ia - IS-IS inter area, * - candidate default, U - per-user static route
       o - ODR, P - periodic downloaded static route

Gateway of last resort is not set

     172.31.0.0/24 is subnetted, 2 subnets
C       172.31.21.0 is directly connected, FastEthernet1
C       172.31.20.0 is directly connected, FastEthernet0
router6#
router6#ipconfig
Translating "ipconfig"

Translating "ipconfig"

% Unknown command or computer name, or unable to find computer address
router6#ipconfigshow ip routeconfig terminalshow ip route  
Codes: C - connected, S - static, R - RIP, M - mobile, B - BGP
       D - EIGRP, EX - EIGRP external, O - OSPF, IA - OSPF inter area 
       N1 - OSPF NSSA external type 1, N2 - OSPF NSSA external type 2
       E1 - OSPF external type 1, E2 - OSPF external type 2
       i - IS-IS, su - IS-IS summary, L1 - IS-IS level-1, L2 - IS-IS level-2
       ia - IS-IS inter area, * - candidate default, U - per-user static route
       o - ODR, P - periodic downloaded static route

Gateway of last resort is not set

     172.31.0.0/24 is subnetted, 4 subnetso
C       172.31.21.0 is directly connected, FastEthernet1
C       172.31.20.0 is directly connected, FastEthernet0
S       172.31.25.0 [1/0] via 192.168.1.18
S       172.31.24.0 [1/0] via 192.168.1.18
C    192.168.1.0/24 is directly connected, Vlan1
router6#conf t
Enter configuration commands, one per line.  End with CNTL/Z.
router6(config)#up  ip roiute      ute 0.0.0.0 0.0.0.0 192.168.1.1
router6(config)#





















router6 con0 is now available





Press RETURN to get started.







*Jan  1 00:54:31.031: %SYS-5-CONFIG_I: Configured from console by tty5