=~=~=~=~=~=~=~=~=~=~=~= PuTTY log 2024.11.19 04:48:49 =~=~=~=~=~=~=~=~=~=~=~=

Using driver version 1 for media type 1
Base ethernet MAC Address: c0:62:6b:d0:30:80
Xmodem file system is available.
The password-recovery mechanism is enabled.
Initializing Flash...
mifs[2]: 0 files, 1 directories
mifs[2]: Total bytes     :    3870720
mifs[2]: Bytes used      :       1024
mifs[2]: Bytes available :    3869696
mifs[2]: mifs fsck took 1 seconds.
mifs[3]: 541 files, 19 directories
mifs[3]: Total bytes     :   27998208
mifs[3]: Bytes used      :   11205632
mifs[3]: Bytes available :   16792576
mifs[3]: mifs fsck took 7 seconds.
...done Initializing Flash.
done.
Loading "flash:/c2960-lanlitek9-mz.122-50.SE4/c2960-lanlitek9-mz.122-50.SE4.bin"...@@@@@@@@@@@@@@@@@@@@@@@@@@@@@@@@@@@@@@@@@@@@@@@@@@@@@@@@@@@@@@@@@@@@@@@@@@@@@@@@@@@@@@@@@@@@@@@@@@@@@@@@@@@@@@@@@@@@@@@@@@@@@@@@@@@@@@@@@@@@@@@@@@@@@@@@@@@@@@@@@@@@@@@@@@@@@@@@@@@@@@@@@@@@@@@@@@@@@@@@@@@@@@@@@@@@@@@@@@@@@@@@@@@@@@@@@@@@@@@@@@@@@@@@@@@@@@@@@@@@@@@@@@@@@@@@@@@@@@@@@@@@@@@@@@@@@@@@@@@@@@@@@@@@@@@@@@@@@@@@@@@@@@@@@@@@@@@@@@@@@@@@@@@@@@@@@@@@@@@@@@@@@@@@@@@@@@@@@@@@@@@@@@@@@@@@@@@@@@@@@@@@@@@@@@@@@@@@@@@@@@@@@@@@@@@@@@@@@@@@@@@@@@@@@@@@@@@@@@@@@@@@@@@@@@@@@@@@@@@@@@@@@@@@@@@@@@@@@@@@@@@@@@@@@@@@@@@@@@@@@@@@@@@@@@@@@@@@@@@@@@@@@@@@@@@@@@@@@@@@@@@@@@@@@@@@@@@@@@@@@@@@@@@@@@@@@@@@@@@@@@@@@@@@@@@@@@@@@@@@@@@@@@@@@@@@@@@@@@@@@@@@@@@@@@@@@@@@@@@@@@@@@@@@@@@@@@@@@@@@@@@@@@@@@@@@@@@@@@@@@@@@@@@@@@@@@@@@@@@@@@@@@@@@@@@@@@@@@@@@@@@@@@@@@@@@@@@@@@@@@@@@@@@@@@@@@@@@@@@@@@@@@@@@@@@@@@@@@@@@@@@@@@@@@@@@@@@@@@@@@@@@@@@@@@@@@@@@@@@@@@@@@@@@@@@@@@@@@@@@@@@@@@@@@@@@@@@@@@@@@@@@@@@@@@@@@@@@@@@@@@@@@@@@@@@@@@@@@@@@@@@@@@@@@@@@@@@@@@@@@@@@@@@@@@@@@@@@@@@@@@@@@@@@@@@@@@@@@@@@@@@@@@@@@@@@@@@@@@@@@@@@@@@@@@@@@@@@@@@@@@@@@@@@@@@@@@@@@@@@@@@@@@@@@@@@@@@@@@@@@@@@@@@@@@@@@@@@@@@@@@@@@@@@@@@@@@@@@@@@@@@@@@@@@@@@@@@@@@@@@@@@@@@@@@@@@@@@@@@@@@@@@@@@@@@@@@@@@@@@@@@@@@@@@@@@@@@@@@@@@@@@@@@@@@@@@@@@@@@@@@@@@@@@@@@@@@@@@@@@@@@@@@@@@@@@@@@@@@@@@@@@@@@@@@@@@@@@@@@@@@@@@@@@@@@@@@@@@@@@@@@@@@@@@@@@@@@@@@@@@@@@@@@@@@@@@@@@@@@@@@@@@@@@@@@@@@@@@@@@@@@@@@@@@@@@@@@@@@@@@@@@@@@@@@@@@@@@@@@@@@@@@@@@@@@@@@@@@@@@@@@@@@@@@@@@@@@@@@@@@@@@@@@@@@@@@@@@@@@@@@@@@@@@@@@@@@@@@@@@@@@@@@@@@@@@@@@@@@@@@@@@@@@@@@@@@@@@@@@@@@@@@@@@@@@@@@@@@@@@@@@@@@@@@@@@@@@@@@@@@@@@@@@@@@@@@@@@@@@@@@@@@@@@@@@@@@@@@@@@@@@@@@@@@@@@@@@@@@@@@@@@@@@@@@@@@@@@@@@@@@@@@@@@@@@@@@@@@@@@@@@@@@@@@@@@@@@@@@@@@@@@@@@@@@@@@@@@@@@@@@@@@@@@@@@@@@@@@@@@@@@@@@@@@@@@@@@@@@@@@@@@@@@@@@@@@@@@@@@@@@@@@@@@@@@@@@@@@@@@@@@@@@@@@@@@@@@@@@@@@@@@@@@@@@@@@@@@@
File "flash:/c2960-lanlitek9-mz.122-50.SE4/c2960-lanlitek9-mz.122-50.SE4.bin" uncompressed and installed, entry point: 0x3000
executing...

              Restricted Rights Legend

Use, duplication, or disclosure by the Government is
subject to restrictions as set forth in subparagraph
(c) of the Commercial Computer Software - Restricted
Rights clause at FAR sec. 52.227-19 and subparagraph
(c) (1) (ii) of the Rights in Technical Data and Computer
Software clause at DFARS sec. 252.227-7013.

           cisco Systems, Inc.
           170 West Tasman Drive
           San Jose, California 95134-1706



Cisco IOS Software, C2960 Software (C2960-LANLITEK9-M), Version 12.2(50)SE4, RELEASE SOFTWARE (fc1)
Technical Support: http://www.cisco.com/techsupport
Copyright (c) 1986-2010 by Cisco Systems, Inc.
Compiled Fri 26-Mar-10 09:14 by prod_rel_team
Image text-base: 0x00003000, data-base: 0x01200000

Initializing flashfs...
Using driver version 1 for media type 1
mifs[3]: 0 files, 1 directories
mifs[3]: Total bytes     : 3870720   
mifs[3]: Bytes used      : 1024      
mifs[3]: Bytes available : 3869696   
mifs[3]: mifs fsck took 0 seconds.
mifs[3]: Initialization complete.

mifs[4]: 541 files, 19 directories
mifs[4]: Total bytes     : 27998208  
mifs[4]: Bytes used      : 11205632  
mifs[4]: Bytes available : 16792576  
mifs[4]: mifs fsck took 0 seconds.
mifs[4]: Initialization complete.

...done Initializing flashfs.
Checking for Bootloader upgrade.. not needed

POST: CPU MIC register Tests : Begin
POST: CPU MIC register Tests : End, Status Passed

POST: PortASIC Memory Tests : Begin
POST: PortASIC Memory Tests : End, Status Passed

POST: CPU MIC interface Loopback Tests : Begin
POST: CPU MIC interface Loopback Tests : End, Status Passed

POST: PortASIC RingLoopback Tests : Begin
POST: PortASIC RingLoopback Tests : End, Status Passed

POST: PortASIC CAM Subsystem Tests : Begin
POST: PortASIC CAM Subsystem Tests : End, Status Passed

POST: PortASIC Port Loopback Tests : Begin
POST: PortASIC Port Loopback Tests : End, Status Passed

Waiting for Port download...Complete


This product contains cryptographic features and is subject to United
States and local country laws governing import, export, transfer and
use. Delivery of Cisco cryptographic products does not imply
third-party authority to import, export, distribute or use encryption.
Importers, exporters, distributors and users are responsible for
compliance with U.S. and local country laws. By using this product you
agree to comply with applicable laws and regulations. If you are unable
to comply with U.S. and local laws, return this product immediately.

A summary of U.S. laws governing Cisco cryptographic products may be found at:
http://www.cisco.com/wwl/export/crypto/tool/stqrg.html

If you require further assistance please contact us by sending email to
export@cisco.com.

cisco WS-C2960-24-S (PowerPC405) processor (revision E0) with 65536K bytes of memory.
Processor board ID FOC1503Y0ZN
Last reset from power-on
1 Virtual Ethernet interface
24 FastEthernet interfaces
The password-recovery mechanism is enabled.

64K bytes of flash-simulated non-volatile configuration memory.
Base ethernet MAC Address       : C0:62:6B:D0:30:80
Motherboard assembly number     : 73-12613-05
Power supply part number        : 341-0097-03
Motherboard serial number       : FOC15026RKR
Power supply serial number      : AZS150206Z5
Model revision number           : E0
Motherboard revision number     : A0
Model number                    : WS-C2960-24-S
System serial number            : FOC1503Y0ZN
Top Assembly Part Number        : 800-32799-01
Top Assembly Revision Number    : F0
Version ID                      : V06
CLEI Code Number                : COMSJ00ARD
Hardware Board Revision Number  : 0x0A


Switch Ports Model              SW Version            SW Image                 
------ ----- -----              ----------            ----------               
*    1 24    WS-C2960-24-S      12.2(50)SE4           C2960-LANLITEK9-M        




Press RETURN to get started!


*Mar  1 00:00:36.742: %LINEPROTO-5-UPDOWN: Line protocol on Interface Vlan1, changed state to down
*Mar  1 00:00:37.882: %SPANTREE-5-EXTENDED_SYSID: Extended SysId enabled for type vlan
*Mar  1 00:00:45.491: %SYS-5-CONFIG_I: Configured from memory by console
*Mar  1 00:00:45.675: %SYS-5-RESTART: System restarted --
Cisco IOS Software, C2960 Software (C2960-LANLITEK9-M), Version 12.2(50)SE4, RELEASE SOFTWARE (fc1)
Technical Support: http://www.cisco.com/techsupport
Copyright (c) 1986-2010 by Cisco Systems, Inc.
Compiled Fri 26-Mar-10 09:14 by prod_rel_team
*Mar  1 00:00:45.692: %SSH-5-ENABLED: SSH 1.99 has been enabled
*Mar  1 00:00:47.412: %LINK-5-CHANGED: Interface Vlan1, changed state to administratively down
*Mar  1 00:00:48.620: %LINEPROTO-5-UPDOWN: Line protocol on Interface FastEthernet0/23, changed state to up
*Mar  1 00:00:49.677: %LINK-3-UPDOWN: Interface FastEthernet0/23, changed state to up
Switch>enable root00
              ^
% Invalid input detected at '^' marker.

Switch>root    en root00
          ^
% Invalid input detected at '^' marker.

Switch>enable
Switch#show vlab
               ^
% Invalid input detected at '^' marker.

Switch#show vlab n

VLAN Name                             Status    Ports
---- -------------------------------- --------- -------------------------------
1    default                          active    Fa0/1, Fa0/2, Fa0/3, Fa0/4
                                                Fa0/5, Fa0/6, Fa0/7, Fa0/8
                                                Fa0/9, Fa0/10, Fa0/11, Fa0/12
                                                Fa0/13, Fa0/14, Fa0/15, Fa0/16
                                                Fa0/17, Fa0/18, Fa0/19, Fa0/20
                                                Fa0/21, Fa0/22, Fa0/23, Fa0/24
31   group21                          active    
32   group22                          active    
1002 fddi-default                     act/unsup 
1003 token-ring-default               act/unsup 
1004 fddinet-default                  act/unsup 
1005 trnet-default                    act/unsup 

VLAN Type  SAID       MTU   Parent RingNo BridgeNo Stp  BrdgMode Trans1 Trans2
---- ----- ---------- ----- ------ ------ -------- ---- -------- ------ ------
1    enet  100001     1500  -      -      -        -    -        0      0   
31   enet  100031     1500  -      -      -        -    -        0      0   
32   enet  100032     1500  -      -      -        -    -        0      0   
1002 fddi  101002     1500  -      -      -        -    -        0      0   
1003 tr    101003     1500  -      -      -        -    -        0      0   
 --More--         
Switch#how   show running-table     config
Building configuration...

Current configuration : 2901 bytes
!
version 12.2
no service pad
service timestamps debug datetime msec
service timestamps log datetime msec
no service password-encryption
!
hostname Switch
!
boot-start-marker
boot-end-marker
!
!
no aaa new-model
system mtu routing 1500
ip subnet-zero
!
!
!
!
crypto pki trustpoint TP-self-signed-1808806016
 --More--         
Switch#h show     how interface status

Port      Name               Status       Vlan       Duplex  Speed Type
Fa0/1                        notconnect   1            auto   auto 10/100BaseTX
Fa0/2                        notconnect   1            auto   auto 10/100BaseTX
Fa0/3                        notconnect   1            auto   auto 10/100BaseTX
Fa0/4                        notconnect   1            auto   auto 10/100BaseTX
Fa0/5                        notconnect   1            auto   auto 10/100BaseTX
Fa0/6                        notconnect   1            auto   auto 10/100BaseTX
Fa0/7                        notconnect   1            auto   auto 10/100BaseTX
Fa0/8                        notconnect   1            auto   auto 10/100BaseTX
Fa0/9                        notconnect   1            auto   auto 10/100BaseTX
Fa0/10                       notconnect   1            auto   auto 10/100BaseTX
Fa0/11                       notconnect   1            auto   auto 10/100BaseTX
Fa0/12                       notconnect   1            auto   auto 10/100BaseTX
Fa0/13                       notconnect   1            auto   auto 10/100BaseTX
Fa0/14                       notconnect   1            auto   auto 10/100BaseTX
Fa0/15                       notconnect   1            auto   auto 10/100BaseTX
Fa0/16                       notconnect   1            auto   auto 10/100BaseTX
Fa0/17                       notconnect   1            auto   auto 10/100BaseTX
Fa0/18                       notconnect   1            auto   auto 10/100BaseTX
Fa0/19                       notconnect   1            auto   auto 10/100BaseTX
Fa0/20                       notconnect   1            auto   auto 10/100BaseTX
Fa0/21                       notconnect   1            auto   auto 10/100BaseTX
 --More--         Fa0/22                       notconnect   1            auto   auto 10/100BaseTX
 --More--         
Switch#no ip domain-lookup
              ^
% Invalid input detected at '^' marker.

Switch#no    config -t
              ^
% Invalid input detected at '^' marker.

Switch#configure terminal
Enter configuration commands, one per line.  End with CNTL/Z.
Switch(config)#no ip domain-lookyo  up
Switch(config)#line con 0
Switch(config-line)#logging c synchronous
Switch(config-line)#exit
Switch(config)#e+  vlan  
% Incomplete command.

Switch(config)#vlan 22
Switch(config-vlan)#name group22
%VLAN #22 and #32 have an identical name: group22
Switch(config-vlan)#eit  xit
Switch(config)#int fa1/t  fa1/r fa1/a fa1/n fa1/g fa1/e fa1/ fa1//17-2417-24 
                           ^
% Invalid input detected at '^' marker.

Switch(config)#int range fa1/17-24/17-24 0/17-24
Switch(config-if-range)#swichport mode access
                           ^
% Invalid input detected at '^' marker.

Switch(config-if-range)#swix ch  tchport mode  ac   access
Switch(config-if-range)#si with chport access vlas group22
                                             ^
% Invalid input detected at '^' marker.

Switch(config-if-range)#switchport access vlas group22 group22 n group22
                                               ^
% Invalid input detected at '^' marker.

Switch(config-if-range)#switchport access vlan group2222 22 22 22 22 
Switch(config-if-range)#exit
Switch(config)#nospanning-tree vlan 22
                 ^
% Invalid input detected at '^' marker.

Switch(config)#nospanning-tree vlan 22 spanning-tree vlan 22
Switch(config)#exit
Switch#exit
*Mar  1 00:26:04.391: %SYS-5-CONFIG_I: Configured from console by console
Switch#exit

































Switch con0 is now available





Press RETURN to get started.








