=~=~=~=~=~=~=~=~=~=~=~= PuTTY log 2024.11.15 05:36:51 =~=~=~=~=~=~=~=~=~=~=~=

Switch>
Switch>
Switch>
Switch>
Switch>
Switch>
Switch>
Switch>
Switch>
Switch>
Switch>enable
Switch#show running-config
Building configuration...

Current configuration : 2891 bytes
!
version 12.2
no service pad
service timestamps debug datetime msec
service timestamps log datetime msec
no service password-encryption
!
hostname Switch
!
boot-start-marker
boot-end-marker
!
!
no aaa new-model
system mtu routing 1500
ip subnet-zero
!
!
!
!
crypto pki trustpoint TP-self-signed-2758768768
 --More--         
Switch#how interfzce     rface status  
        ^
% Invalid input detected at '^' marker.

Switch#show interface status

Port      Name               Status       Vlan       Duplex  Speed Type
Fa0/1                        connected    1          a-full  a-100 10/100BaseTX
Fa0/2                        notconnect   1            auto   auto 10/100BaseTX
Fa0/3                        notconnect   1            auto   auto 10/100BaseTX
Fa0/4                        notconnect   1            auto   auto 10/100BaseTX
Fa0/5                        connected    1          a-full  a-100 10/100BaseTX
Fa0/6                        notconnect   1            auto   auto 10/100BaseTX
Fa0/7                        notconnect   1            auto   auto 10/100BaseTX
Fa0/8                        notconnect   1            auto   auto 10/100BaseTX
Fa0/9                        notconnect   1            auto   auto 10/100BaseTX
Fa0/10                       notconnect   1            auto   auto 10/100BaseTX
Fa0/11                       notconnect   1            auto   auto 10/100BaseTX
Fa0/12                       notconnect   1            auto   auto 10/100BaseTX
Fa0/13                       connected    1          a-full  a-100 10/100BaseTX
Fa0/14                       notconnect   1            auto   auto 10/100BaseTX
Fa0/15                       connected    1          a-full  a-100 10/100BaseTX
Fa0/16                       notconnect   1            auto   auto 10/100BaseTX
Fa0/17                       notconnect   1            auto   auto 10/100BaseTX
Fa0/18                       notconnect   1            auto   auto 10/100BaseTX
Fa0/19                       notconnect   1            auto   auto 10/100BaseTX
Fa0/20                       notconnect   1            auto   auto 10/100BaseTX
Fa0/21                       notconnect   1            auto   auto 10/100BaseTX
 --More--         Fa0/22                       notconnect   1            auto   auto 10/100BaseTX
 --More--         
Switch#how v     show vli an

VLAN Name                             Status    Ports
---- -------------------------------- --------- -------------------------------
1    default                          active    Fa0/1, Fa0/2, Fa0/3, Fa0/4
                                                Fa0/5, Fa0/6, Fa0/7, Fa0/8
                                                Fa0/9, Fa0/10, Fa0/11, Fa0/12
                                                Fa0/13, Fa0/14, Fa0/15, Fa0/16
                                                Fa0/17, Fa0/18, Fa0/19, Fa0/20
                                                Fa0/21, Fa0/22, Fa0/23, Fa0/24
1002 fddi-default                     act/unsup 
1003 token-ring-default               act/unsup 
1004 fddinet-default                  act/unsup 
1005 trnet-default                    act/unsup 

VLAN Type  SAID       MTU   Parent RingNo BridgeNo Stp  BrdgMode Trans1 Trans2
---- ----- ---------- ----- ------ ------ -------- ---- -------- ------ ------
1    enet  100001     1500  -      -      -        -    -        0      0   
1002 fddi  101002     1500  -      -      -        -    -        0      0   
1003 tr    101003     1500  -      -      -        -    -        0      0   
1004 fdnet 101004     1500  -      -      -        ieee -        0      0   
1005 trnet 101005     1500  -      -      -        ibm  -        0      0   

Primary Secondary Type              Ports
------- --------- ----------------- ------------------------------------------

Switch#show a am  mac sddree ss-table
                ^
% Invalid input detected at '^' marker.

Switch#show mac sddress-tableddress-table address-table
          Mac Address Table
-------------------------------------------

Vlan    Mac Address       Type        Ports
----    -----------       --------    -----
 All    0100.0ccc.cccc    STATIC      CPU
 All    0100.0ccc.cccd    STATIC      CPU
 All    0180.c200.0000    STATIC      CPU
 All    0180.c200.0001    STATIC      CPU
 All    0180.c200.0002    STATIC      CPU
 All    0180.c200.0003    STATIC      CPU
 All    0180.c200.0004    STATIC      CPU
 All    0180.c200.0005    STATIC      CPU
 All    0180.c200.0006    STATIC      CPU
 All    0180.c200.0007    STATIC      CPU
 All    0180.c200.0008    STATIC      CPU
 All    0180.c200.0009    STATIC      CPU
 All    0180.c200.000a    STATIC      CPU
 All    0180.c200.000b    STATIC      CPU
 All    0180.c200.000c    STATIC      CPU
 All    0180.c200.000d    STATIC      CPU
 All    0180.c200.000e    STATIC      CPU
 All    0180.c200.000f    STATIC      CPU
 --More--          All    0180.c200.0010    STATIC      CPU
 --More--          All    ffff.ffff.ffff    STATIC      CPU
 --More--            1    6c02.e0d9.b33b    DYNAMIC     Fa0/5
 --More--            1    6c02.e0da.20f4    DYNAMIC     Fa0/13
 --More--            1    d493.901b.bea7    DYNAMIC     Fa0/15
 --More--         
Switch#enable
Switch#configure terminal
Enter configuration commands, one per line.  End with CNTL/Z.
Switch(config)#home  stname switch6
switch6(config)#username exp password 0 root00
switch6(config)#enable password 0 root00
switch6(config)#service password-encyption
                                    ^
% Invalid input detected at '^' marker.

switch6(config)#service password-encyptionpyryptiony
switch6(config)#no ip domain-lookyo  up
switch6(config)#line con 0 s 0 o 0 l 0 e 0 
switch6(config-line)#logging synchronous
switch6(config-line)#exit
switch6(config)#
switch6#
*Mar  1 01:22:53.857: %SYS-5-CONFIG_I: Configured from console by console
switch6#exit

































switch6 con0 is now available





Press RETURN to get started.








